
Discarded input sections

 .text          0x00000000        0x0 build/isp_flasher.o
 .data          0x00000000        0x0 build/isp_flasher.o
 .bss           0x00000000        0x0 build/isp_flasher.o
 .data          0x00000000        0x0 build/crt_brom.o
 .bss           0x00000000        0x0 build/crt_brom.o

Memory Configuration

Name             Origin             Length             Attributes
BROM             0x80000000         0x00000800
*default*        0x00000000         0xffffffff

Linker script and memory map

LOAD build/isp_flasher.o
LOAD build/crt_brom.o
LOAD /usr/lib/gcc/riscv64-unknown-elf/13.2.0/rv32i/ilp32/libgcc.a
                0x00000200                        _stack_size = DEFINED (_stack_size)?_stack_size:0x200
                0x00000000                        _heap_size = DEFINED (_heap_size)?_heap_size:0x0

.vector
 *crt.o(.text)

.memory         0x80000000       0x54
 *(.text)
 .text          0x80000000       0x54 build/crt_brom.o
                0x80000000                crtStart
                0x80000054                        end = .

.text.spi_flashio
                0x80000054      0x174
 .text.spi_flashio
                0x80000054      0x174 build/isp_flasher.o
                0x80000054                spi_flashio

.text.startup.main
                0x800001c8      0x1d4
 .text.startup.main
                0x800001c8      0x1d4 build/isp_flasher.o
                0x800001c8                main

.rela.dyn       0x8000039c        0x0
 .rela.text     0x8000039c        0x0 build/isp_flasher.o

.rodata
 *(.rdata)
 *(.rodata .rodata.*)
 *(.gnu.linkonce.r.*)

.ctors          0x8000039c        0x0
                0x8000039c                        . = ALIGN (0x4)
                0x8000039c                        _ctors_start = .
 *(.init_array*)
 *(SORT_BY_NAME(.ctors.*))
 *(.ctors)
                0x8000039c                        . = ALIGN (0x4)
                0x8000039c                        _ctors_end = .

.data           0x8000039c        0x4
 *(.rdata)
 *(.rodata .rodata.*)
 *(.gnu.linkonce.r.*)
 *(.data .data.*)
 *(.gnu.linkonce.d.*)
                0x800003a0                        . = ALIGN (0x8)
 *fill*         0x8000039c        0x4 
                0x80000ba0                        PROVIDE (__global_pointer$ = (. + 0x800))
 *(.sdata .sdata.*)
 *(.gnu.linkonce.s.*)
                0x800003a0                        . = ALIGN (0x8)
 *(.srodata.cst16)
 *(.srodata.cst8)
 *(.srodata.cst4)
 *(.srodata.cst2)
 *(.srodata .srodata.*)

.bss            0x800003a0        0x0
                0x800003a0                        . = ALIGN (0x4)
                0x800003a0                        _bss_start = .
 *(.sbss*)
 *(.gnu.linkonce.sb.*)
 *(.bss .bss.*)
 *(.gnu.linkonce.b.*)
 *(COMMON)
                0x800003a0                        . = ALIGN (0x4)
                0x800003a0                        _bss_end = .

.noinit         0x800003a0        0x0
                0x800003a0                        . = ALIGN (0x4)
 *(.noinit .noinit.*)
                0x800003a0                        . = ALIGN (0x4)

._user_heap     0x800003a0        0x0
                0x800003a0                        . = ALIGN (0x8)
                [!provide]                        PROVIDE (end = .)
                [!provide]                        PROVIDE (_end = .)
                [!provide]                        PROVIDE (_heap_start = .)
                0x800003a0                        . = (. + _heap_size)
                0x800003a0                        . = ALIGN (0x8)
                [!provide]                        PROVIDE (_heap_end = .)

._stack         0x800003a0      0x200
                0x800003a0                        . = ALIGN (0x10)
                [!provide]                        PROVIDE (_stack_end = .)
                0x800005a0                        . = (. + _stack_size)
 *fill*         0x800003a0      0x200 
                0x800005a0                        . = ALIGN (0x10)
                0x800005a0                        PROVIDE (_stack_start = .)
OUTPUT(build/fw-brom.elf elf32-littleriscv)

.debug_info     0x00000000      0x688
 .debug_info    0x00000000      0x664 build/isp_flasher.o
 .debug_info    0x00000664       0x24 build/crt_brom.o

.debug_abbrev   0x00000000      0x2aa
 .debug_abbrev  0x00000000      0x296 build/isp_flasher.o
 .debug_abbrev  0x00000296       0x14 build/crt_brom.o

.debug_loclists
                0x00000000      0x231
 .debug_loclists
                0x00000000      0x231 build/isp_flasher.o

.debug_aranges  0x00000000       0x48
 .debug_aranges
                0x00000000       0x28 build/isp_flasher.o
 .debug_aranges
                0x00000028       0x20 build/crt_brom.o

.debug_rnglists
                0x00000000       0xd5
 .debug_rnglists
                0x00000000       0xd5 build/isp_flasher.o

.debug_line     0x00000000      0xbe8
 .debug_line    0x00000000      0xb3e build/isp_flasher.o
 .debug_line    0x00000b3e       0xaa build/crt_brom.o

.debug_str      0x00000000      0x220
 .debug_str     0x00000000      0x220 build/isp_flasher.o
                                0x1f4 (size before relaxing)
 .debug_str     0x00000220       0x60 build/crt_brom.o

.debug_line_str
                0x00000000       0x9b
 .debug_line_str
                0x00000000       0x9b build/isp_flasher.o
                                 0xf5 (size before relaxing)
 .debug_line_str
                0x0000009b       0x54 build/crt_brom.o

.comment        0x00000000       0x22
 .comment       0x00000000       0x22 build/isp_flasher.o
                                 0x23 (size before relaxing)

.riscv.attributes
                0x00000000       0x1c
 .riscv.attributes
                0x00000000       0x1c build/isp_flasher.o
 .riscv.attributes
                0x0000001c       0x1a build/crt_brom.o

.debug_frame    0x00000000       0x4c
 .debug_frame   0x00000000       0x4c build/isp_flasher.o
